[    1494ms] [WARNING] Failed to execute 'postMessage' on 'DOMWindow': The target origin provided ('https://map.naver.com') does not match the recipient window's origin ('https://pcmap.place.naver.com'). @ https://pcmap.place.naver.com/restaurant/2044673351/review/visitor?from=map&locale=ko&reviewSort=recent:50
[    2367ms] [WARNING] Failed to execute 'postMessage' on 'DOMWindow': The target origin provided ('https://map.naver.com') does not match the recipient window's origin ('https://pcmap.place.naver.com'). @ https://g-place.pstatic.net/assets/pcmap/place.6469.bundle.cf4dd0a842529adbbbba.1778477957470.js:319
[    2367ms] [WARNING] Failed to execute 'postMessage' on 'DOMWindow': The target origin provided ('https://map.naver.com') does not match the recipient window's origin ('https://pcmap.place.naver.com'). @ https://g-place.pstatic.net/assets/pcmap/place.6469.bundle.cf4dd0a842529adbbbba.1778477957470.js:18
[    2446ms] [WARNING] setPolicyInfo {versionInfo: Object, sdkInfo: Object, sentryInfo: Object} @ https://ssl.pstatic.net/tveta/libs/glad/prod/gfp-core.js:0
[    3627ms] [ERROR] Failed to load resource: the server responded with a status of 404 () @ https://pcmap-api.place.naver.com/rest/visitorReview/views:0
[    3721ms] [WARNING] Failed to execute 'postMessage' on 'DOMWindow': The target origin provided ('https://map.naver.com') does not match the recipient window's origin ('https://pcmap.place.naver.com'). @ https://g-place.pstatic.net/assets/pcmap/js/pcmap.all.cf4dd0a842529adbbbba.js:317
[  304516ms] [WARNING] Failed to execute 'postMessage' on 'DOMWindow': The target origin provided ('https://map.naver.com') does not match the recipient window's origin ('https://pcmap.place.naver.com'). @ https://pcmap.place.naver.com/restaurant/2044673351/review/visitor?from=map&locale=ko&reviewSort=recent:50
[  304763ms] [WARNING] Failed to execute 'postMessage' on 'DOMWindow': The target origin provided ('https://map.naver.com') does not match the recipient window's origin ('https://pcmap.place.naver.com'). @ https://g-place.pstatic.net/assets/pcmap/place.6469.bundle.cf4dd0a842529adbbbba.1778477957470.js:319
[  304763ms] [WARNING] Failed to execute 'postMessage' on 'DOMWindow': The target origin provided ('https://map.naver.com') does not match the recipient window's origin ('https://pcmap.place.naver.com'). @ https://g-place.pstatic.net/assets/pcmap/place.6469.bundle.cf4dd0a842529adbbbba.1778477957470.js:18
[  305259ms] [WARNING] Failed to execute 'postMessage' on 'DOMWindow': The target origin provided ('https://map.naver.com') does not match the recipient window's origin ('https://pcmap.place.naver.com'). @ https://g-place.pstatic.net/assets/pcmap/js/pcmap.all.cf4dd0a842529adbbbba.js:317
[  313794ms] [WARNING] Failed to execute 'postMessage' on 'DOMWindow': The target origin provided ('https://map.naver.com') does not match the recipient window's origin ('https://pcmap.place.naver.com'). @ https://pcmap.place.naver.com/restaurant/36785829/review/visitor?from=map&locale=ko&reviewSort=recent:50
[  313905ms] [WARNING] Failed to execute 'postMessage' on 'DOMWindow': The target origin provided ('https://map.naver.com') does not match the recipient window's origin ('https://pcmap.place.naver.com'). @ https://g-place.pstatic.net/assets/pcmap/place.6469.bundle.cf4dd0a842529adbbbba.1778477957470.js:319
[  313905ms] [WARNING] Failed to execute 'postMessage' on 'DOMWindow': The target origin provided ('https://map.naver.com') does not match the recipient window's origin ('https://pcmap.place.naver.com'). @ https://g-place.pstatic.net/assets/pcmap/place.6469.bundle.cf4dd0a842529adbbbba.1778477957470.js:18
[  314403ms] [WARNING] Failed to execute 'postMessage' on 'DOMWindow': The target origin provided ('https://map.naver.com') does not match the recipient window's origin ('https://pcmap.place.naver.com'). @ https://g-place.pstatic.net/assets/pcmap/js/pcmap.all.cf4dd0a842529adbbbba.js:317
[  324397ms] [WARNING] Failed to execute 'postMessage' on 'DOMWindow': The target origin provided ('https://map.naver.com') does not match the recipient window's origin ('https://pcmap.place.naver.com'). @ https://pcmap.place.naver.com/restaurant/1770298657/review/visitor?from=map&locale=ko&reviewSort=recent:50
[  324539ms] [WARNING] Failed to execute 'postMessage' on 'DOMWindow': The target origin provided ('https://map.naver.com') does not match the recipient window's origin ('https://pcmap.place.naver.com'). @ https://g-place.pstatic.net/assets/pcmap/place.6469.bundle.cf4dd0a842529adbbbba.1778477957470.js:319
[  324539ms] [WARNING] Failed to execute 'postMessage' on 'DOMWindow': The target origin provided ('https://map.naver.com') does not match the recipient window's origin ('https://pcmap.place.naver.com'). @ https://g-place.pstatic.net/assets/pcmap/place.6469.bundle.cf4dd0a842529adbbbba.1778477957470.js:18
[  325017ms] [WARNING] Failed to execute 'postMessage' on 'DOMWindow': The target origin provided ('https://map.naver.com') does not match the recipient window's origin ('https://pcmap.place.naver.com'). @ https://g-place.pstatic.net/assets/pcmap/js/pcmap.all.cf4dd0a842529adbbbba.js:317
[  333991ms] [WARNING] Failed to execute 'postMessage' on 'DOMWindow': The target origin provided ('https://map.naver.com') does not match the recipient window's origin ('https://pcmap.place.naver.com'). @ https://pcmap.place.naver.com/restaurant/37637684/review/visitor?from=map&locale=ko&reviewSort=recent:55
[  334112ms] [WARNING] Failed to execute 'postMessage' on 'DOMWindow': The target origin provided ('https://map.naver.com') does not match the recipient window's origin ('https://pcmap.place.naver.com'). @ https://g-place.pstatic.net/assets/pcmap/place.6469.bundle.cf4dd0a842529adbbbba.1778477957470.js:319
[  334112ms] [WARNING] Failed to execute 'postMessage' on 'DOMWindow': The target origin provided ('https://map.naver.com') does not match the recipient window's origin ('https://pcmap.place.naver.com'). @ https://g-place.pstatic.net/assets/pcmap/place.6469.bundle.cf4dd0a842529adbbbba.1778477957470.js:18
[  334610ms] [WARNING] Failed to execute 'postMessage' on 'DOMWindow': The target origin provided ('https://map.naver.com') does not match the recipient window's origin ('https://pcmap.place.naver.com'). @ https://g-place.pstatic.net/assets/pcmap/js/pcmap.all.cf4dd0a842529adbbbba.js:317
[  344207ms] [WARNING] Failed to execute 'postMessage' on 'DOMWindow': The target origin provided ('https://map.naver.com') does not match the recipient window's origin ('https://pcmap.place.naver.com'). @ https://pcmap.place.naver.com/restaurant/1593016664/review/visitor?from=map&locale=ko&reviewSort=recent:51
[  344334ms] [WARNING] Failed to execute 'postMessage' on 'DOMWindow': The target origin provided ('https://map.naver.com') does not match the recipient window's origin ('https://pcmap.place.naver.com'). @ https://g-place.pstatic.net/assets/pcmap/place.6469.bundle.cf4dd0a842529adbbbba.1778477957470.js:319
[  344334ms] [WARNING] Failed to execute 'postMessage' on 'DOMWindow': The target origin provided ('https://map.naver.com') does not match the recipient window's origin ('https://pcmap.place.naver.com'). @ https://g-place.pstatic.net/assets/pcmap/place.6469.bundle.cf4dd0a842529adbbbba.1778477957470.js:18
[  344831ms] [WARNING] Failed to execute 'postMessage' on 'DOMWindow': The target origin provided ('https://map.naver.com') does not match the recipient window's origin ('https://pcmap.place.naver.com'). @ https://g-place.pstatic.net/assets/pcmap/js/pcmap.all.cf4dd0a842529adbbbba.js:317
[  354645ms] [WARNING] Failed to execute 'postMessage' on 'DOMWindow': The target origin provided ('https://map.naver.com') does not match the recipient window's origin ('https://pcmap.place.naver.com'). @ https://pcmap.place.naver.com/restaurant/1193012165/review/visitor?from=map&locale=ko&reviewSort=recent:50
[  354782ms] [WARNING] Failed to execute 'postMessage' on 'DOMWindow': The target origin provided ('https://map.naver.com') does not match the recipient window's origin ('https://pcmap.place.naver.com'). @ https://g-place.pstatic.net/assets/pcmap/place.6469.bundle.cf4dd0a842529adbbbba.1778477957470.js:319
[  354782ms] [WARNING] Failed to execute 'postMessage' on 'DOMWindow': The target origin provided ('https://map.naver.com') does not match the recipient window's origin ('https://pcmap.place.naver.com'). @ https://g-place.pstatic.net/assets/pcmap/place.6469.bundle.cf4dd0a842529adbbbba.1778477957470.js:18
[  355257ms] [WARNING] Failed to execute 'postMessage' on 'DOMWindow': The target origin provided ('https://map.naver.com') does not match the recipient window's origin ('https://pcmap.place.naver.com'). @ https://g-place.pstatic.net/assets/pcmap/js/pcmap.all.cf4dd0a842529adbbbba.js:317
[  364228ms] [WARNING] Failed to execute 'postMessage' on 'DOMWindow': The target origin provided ('https://map.naver.com') does not match the recipient window's origin ('https://pcmap.place.naver.com'). @ https://pcmap.place.naver.com/restaurant/1026752057/review/visitor?from=map&locale=ko&reviewSort=recent:50
[  364339ms] [WARNING] Failed to execute 'postMessage' on 'DOMWindow': The target origin provided ('https://map.naver.com') does not match the recipient window's origin ('https://pcmap.place.naver.com'). @ https://g-place.pstatic.net/assets/pcmap/place.6469.bundle.cf4dd0a842529adbbbba.1778477957470.js:319
[  364339ms] [WARNING] Failed to execute 'postMessage' on 'DOMWindow': The target origin provided ('https://map.naver.com') does not match the recipient window's origin ('https://pcmap.place.naver.com'). @ https://g-place.pstatic.net/assets/pcmap/place.6469.bundle.cf4dd0a842529adbbbba.1778477957470.js:18
[  364853ms] [WARNING] Failed to execute 'postMessage' on 'DOMWindow': The target origin provided ('https://map.naver.com') does not match the recipient window's origin ('https://pcmap.place.naver.com'). @ https://g-place.pstatic.net/assets/pcmap/js/pcmap.all.cf4dd0a842529adbbbba.js:317
[  374671ms] [WARNING] Failed to execute 'postMessage' on 'DOMWindow': The target origin provided ('https://map.naver.com') does not match the recipient window's origin ('https://pcmap.place.naver.com'). @ https://pcmap.place.naver.com/restaurant/1875023937/review/visitor?from=map&locale=ko&reviewSort=recent:61
[  374831ms] [WARNING] Failed to execute 'postMessage' on 'DOMWindow': The target origin provided ('https://map.naver.com') does not match the recipient window's origin ('https://pcmap.place.naver.com'). @ https://g-place.pstatic.net/assets/pcmap/place.6469.bundle.cf4dd0a842529adbbbba.1778477957470.js:319
[  374832ms] [WARNING] Failed to execute 'postMessage' on 'DOMWindow': The target origin provided ('https://map.naver.com') does not match the recipient window's origin ('https://pcmap.place.naver.com'). @ https://g-place.pstatic.net/assets/pcmap/place.6469.bundle.cf4dd0a842529adbbbba.1778477957470.js:18
[  375302ms] [WARNING] Failed to execute 'postMessage' on 'DOMWindow': The target origin provided ('https://map.naver.com') does not match the recipient window's origin ('https://pcmap.place.naver.com'). @ https://g-place.pstatic.net/assets/pcmap/js/pcmap.all.cf4dd0a842529adbbbba.js:317
[  376817ms] [WARNING] No text tracks found in MediaData @ https://pcmap.place.naver.com/assets/pcmap/place.8138.bundle.cf4dd0a842529adbbbba.1778477957470.js:233
[  378268ms] [ERROR] Failed to load resource: the server responded with a status of 404 () @ https://search.pstatic.net/common/?autoRotate=true&quality=95&type=f48_48&src=https%3A%2F%2Fphinf.pstatic.net%2Fcontacthttps%3A%2F%2Fphinf.pstatic.net%2Fcontact%2Fprofile%2Fblog%2F33%2F68%2Fzzam1124.jpg:0
[  385505ms] [WARNING] Failed to execute 'postMessage' on 'DOMWindow': The target origin provided ('https://map.naver.com') does not match the recipient window's origin ('https://pcmap.place.naver.com'). @ https://pcmap.place.naver.com/restaurant/1446879076/review/visitor?from=map&locale=ko&reviewSort=recent:60
[  385622ms] [WARNING] Failed to execute 'postMessage' on 'DOMWindow': The target origin provided ('https://map.naver.com') does not match the recipient window's origin ('https://pcmap.place.naver.com'). @ https://g-place.pstatic.net/assets/pcmap/place.6469.bundle.cf4dd0a842529adbbbba.1778477957470.js:319
[  385622ms] [WARNING] Failed to execute 'postMessage' on 'DOMWindow': The target origin provided ('https://map.naver.com') does not match the recipient window's origin ('https://pcmap.place.naver.com'). @ https://g-place.pstatic.net/assets/pcmap/place.6469.bundle.cf4dd0a842529adbbbba.1778477957470.js:18
[  386136ms] [WARNING] Failed to execute 'postMessage' on 'DOMWindow': The target origin provided ('https://map.naver.com') does not match the recipient window's origin ('https://pcmap.place.naver.com'). @ https://g-place.pstatic.net/assets/pcmap/js/pcmap.all.cf4dd0a842529adbbbba.js:317
[  396315ms] [WARNING] Failed to execute 'postMessage' on 'DOMWindow': The target origin provided ('https://map.naver.com') does not match the recipient window's origin ('https://pcmap.place.naver.com'). @ https://pcmap.place.naver.com/restaurant/1008611365/review/visitor?from=map&locale=ko&reviewSort=recent:50
[  396441ms] [WARNING] Failed to execute 'postMessage' on 'DOMWindow': The target origin provided ('https://map.naver.com') does not match the recipient window's origin ('https://pcmap.place.naver.com'). @ https://g-place.pstatic.net/assets/pcmap/place.6469.bundle.cf4dd0a842529adbbbba.1778477957470.js:319
[  396442ms] [WARNING] Failed to execute 'postMessage' on 'DOMWindow': The target origin provided ('https://map.naver.com') does not match the recipient window's origin ('https://pcmap.place.naver.com'). @ https://g-place.pstatic.net/assets/pcmap/place.6469.bundle.cf4dd0a842529adbbbba.1778477957470.js:18
[  396626ms] [WARNING] No text tracks found in MediaData @ https://pcmap.place.naver.com/assets/pcmap/place.8138.bundle.cf4dd0a842529adbbbba.1778477957470.js:233
[  396943ms] [WARNING] Failed to execute 'postMessage' on 'DOMWindow': The target origin provided ('https://map.naver.com') does not match the recipient window's origin ('https://pcmap.place.naver.com'). @ https://g-place.pstatic.net/assets/pcmap/js/pcmap.all.cf4dd0a842529adbbbba.js:317
[  449395ms] [WARNING] Failed to execute 'postMessage' on 'DOMWindow': The target origin provided ('https://map.naver.com') does not match the recipient window's origin ('https://pcmap.place.naver.com'). @ https://pcmap.place.naver.com/restaurant/2044673351/review/visitor?from=map&locale=ko&reviewSort=recent:50
[  449550ms] [WARNING] Failed to execute 'postMessage' on 'DOMWindow': The target origin provided ('https://map.naver.com') does not match the recipient window's origin ('https://pcmap.place.naver.com'). @ https://g-place.pstatic.net/assets/pcmap/place.6469.bundle.cf4dd0a842529adbbbba.1778477957470.js:319
[  449550ms] [WARNING] Failed to execute 'postMessage' on 'DOMWindow': The target origin provided ('https://map.naver.com') does not match the recipient window's origin ('https://pcmap.place.naver.com'). @ https://g-place.pstatic.net/assets/pcmap/place.6469.bundle.cf4dd0a842529adbbbba.1778477957470.js:18
[  450048ms] [WARNING] Failed to execute 'postMessage' on 'DOMWindow': The target origin provided ('https://map.naver.com') does not match the recipient window's origin ('https://pcmap.place.naver.com'). @ https://g-place.pstatic.net/assets/pcmap/js/pcmap.all.cf4dd0a842529adbbbba.js:317
[  461019ms] [WARNING] Failed to execute 'postMessage' on 'DOMWindow': The target origin provided ('https://map.naver.com') does not match the recipient window's origin ('https://pcmap.place.naver.com'). @ https://pcmap.place.naver.com/restaurant/36785829/review/visitor?from=map&locale=ko&reviewSort=recent:50
[  461146ms] [WARNING] Failed to execute 'postMessage' on 'DOMWindow': The target origin provided ('https://map.naver.com') does not match the recipient window's origin ('https://pcmap.place.naver.com'). @ https://g-place.pstatic.net/assets/pcmap/place.6469.bundle.cf4dd0a842529adbbbba.1778477957470.js:319
[  461146ms] [WARNING] Failed to execute 'postMessage' on 'DOMWindow': The target origin provided ('https://map.naver.com') does not match the recipient window's origin ('https://pcmap.place.naver.com'). @ https://g-place.pstatic.net/assets/pcmap/place.6469.bundle.cf4dd0a842529adbbbba.1778477957470.js:18
[  461657ms] [WARNING] Failed to execute 'postMessage' on 'DOMWindow': The target origin provided ('https://map.naver.com') does not match the recipient window's origin ('https://pcmap.place.naver.com'). @ https://g-place.pstatic.net/assets/pcmap/js/pcmap.all.cf4dd0a842529adbbbba.js:317
[  471080ms] [WARNING] Failed to execute 'postMessage' on 'DOMWindow': The target origin provided ('https://map.naver.com') does not match the recipient window's origin ('https://pcmap.place.naver.com'). @ https://pcmap.place.naver.com/restaurant/1770298657/review/visitor?from=map&locale=ko&reviewSort=recent:50
[  471237ms] [WARNING] Failed to execute 'postMessage' on 'DOMWindow': The target origin provided ('https://map.naver.com') does not match the recipient window's origin ('https://pcmap.place.naver.com'). @ https://g-place.pstatic.net/assets/pcmap/place.6469.bundle.cf4dd0a842529adbbbba.1778477957470.js:319
[  471238ms] [WARNING] Failed to execute 'postMessage' on 'DOMWindow': The target origin provided ('https://map.naver.com') does not match the recipient window's origin ('https://pcmap.place.naver.com'). @ https://g-place.pstatic.net/assets/pcmap/place.6469.bundle.cf4dd0a842529adbbbba.1778477957470.js:18
[  471707ms] [WARNING] Failed to execute 'postMessage' on 'DOMWindow': The target origin provided ('https://map.naver.com') does not match the recipient window's origin ('https://pcmap.place.naver.com'). @ https://g-place.pstatic.net/assets/pcmap/js/pcmap.all.cf4dd0a842529adbbbba.js:317
[  481439ms] [WARNING] Failed to execute 'postMessage' on 'DOMWindow': The target origin provided ('https://map.naver.com') does not match the recipient window's origin ('https://pcmap.place.naver.com'). @ https://pcmap.place.naver.com/restaurant/37637684/review/visitor?from=map&locale=ko&reviewSort=recent:55
[  481554ms] [WARNING] Failed to execute 'postMessage' on 'DOMWindow': The target origin provided ('https://map.naver.com') does not match the recipient window's origin ('https://pcmap.place.naver.com'). @ https://g-place.pstatic.net/assets/pcmap/place.6469.bundle.cf4dd0a842529adbbbba.1778477957470.js:319
[  481554ms] [WARNING] Failed to execute 'postMessage' on 'DOMWindow': The target origin provided ('https://map.naver.com') does not match the recipient window's origin ('https://pcmap.place.naver.com'). @ https://g-place.pstatic.net/assets/pcmap/place.6469.bundle.cf4dd0a842529adbbbba.1778477957470.js:18
[  482072ms] [WARNING] Failed to execute 'postMessage' on 'DOMWindow': The target origin provided ('https://map.naver.com') does not match the recipient window's origin ('https://pcmap.place.naver.com'). @ https://g-place.pstatic.net/assets/pcmap/js/pcmap.all.cf4dd0a842529adbbbba.js:317
[  492038ms] [WARNING] Failed to execute 'postMessage' on 'DOMWindow': The target origin provided ('https://map.naver.com') does not match the recipient window's origin ('https://pcmap.place.naver.com'). @ https://pcmap.place.naver.com/restaurant/1593016664/review/visitor?from=map&locale=ko&reviewSort=recent:51
[  492159ms] [WARNING] Failed to execute 'postMessage' on 'DOMWindow': The target origin provided ('https://map.naver.com') does not match the recipient window's origin ('https://pcmap.place.naver.com'). @ https://g-place.pstatic.net/assets/pcmap/place.6469.bundle.cf4dd0a842529adbbbba.1778477957470.js:319
[  492159ms] [WARNING] Failed to execute 'postMessage' on 'DOMWindow': The target origin provided ('https://map.naver.com') does not match the recipient window's origin ('https://pcmap.place.naver.com'). @ https://g-place.pstatic.net/assets/pcmap/place.6469.bundle.cf4dd0a842529adbbbba.1778477957470.js:18
[  492658ms] [WARNING] Failed to execute 'postMessage' on 'DOMWindow': The target origin provided ('https://map.naver.com') does not match the recipient window's origin ('https://pcmap.place.naver.com'). @ https://g-place.pstatic.net/assets/pcmap/js/pcmap.all.cf4dd0a842529adbbbba.js:317
[  502219ms] [WARNING] Failed to execute 'postMessage' on 'DOMWindow': The target origin provided ('https://map.naver.com') does not match the recipient window's origin ('https://pcmap.place.naver.com'). @ https://pcmap.place.naver.com/restaurant/1193012165/review/visitor?from=map&locale=ko&reviewSort=recent:50
[  502361ms] [WARNING] Failed to execute 'postMessage' on 'DOMWindow': The target origin provided ('https://map.naver.com') does not match the recipient window's origin ('https://pcmap.place.naver.com'). @ https://g-place.pstatic.net/assets/pcmap/place.6469.bundle.cf4dd0a842529adbbbba.1778477957470.js:319
[  502361ms] [WARNING] Failed to execute 'postMessage' on 'DOMWindow': The target origin provided ('https://map.naver.com') does not match the recipient window's origin ('https://pcmap.place.naver.com'). @ https://g-place.pstatic.net/assets/pcmap/place.6469.bundle.cf4dd0a842529adbbbba.1778477957470.js:18
[  502829ms] [WARNING] Failed to execute 'postMessage' on 'DOMWindow': The target origin provided ('https://map.naver.com') does not match the recipient window's origin ('https://pcmap.place.naver.com'). @ https://g-place.pstatic.net/assets/pcmap/js/pcmap.all.cf4dd0a842529adbbbba.js:317
[  513152ms] [WARNING] Failed to execute 'postMessage' on 'DOMWindow': The target origin provided ('https://map.naver.com') does not match the recipient window's origin ('https://pcmap.place.naver.com'). @ https://pcmap.place.naver.com/restaurant/1026752057/review/visitor?from=map&locale=ko&reviewSort=recent:50
[  513270ms] [WARNING] Failed to execute 'postMessage' on 'DOMWindow': The target origin provided ('https://map.naver.com') does not match the recipient window's origin ('https://pcmap.place.naver.com'). @ https://g-place.pstatic.net/assets/pcmap/place.6469.bundle.cf4dd0a842529adbbbba.1778477957470.js:319
[  513271ms] [WARNING] Failed to execute 'postMessage' on 'DOMWindow': The target origin provided ('https://map.naver.com') does not match the recipient window's origin ('https://pcmap.place.naver.com'). @ https://g-place.pstatic.net/assets/pcmap/place.6469.bundle.cf4dd0a842529adbbbba.1778477957470.js:18
[  513769ms] [WARNING] Failed to execute 'postMessage' on 'DOMWindow': The target origin provided ('https://map.naver.com') does not match the recipient window's origin ('https://pcmap.place.naver.com'). @ https://g-place.pstatic.net/assets/pcmap/js/pcmap.all.cf4dd0a842529adbbbba.js:317
[  523658ms] [WARNING] Failed to execute 'postMessage' on 'DOMWindow': The target origin provided ('https://map.naver.com') does not match the recipient window's origin ('https://pcmap.place.naver.com'). @ https://pcmap.place.naver.com/restaurant/1875023937/review/visitor?from=map&locale=ko&reviewSort=recent:61
[  523804ms] [WARNING] Failed to execute 'postMessage' on 'DOMWindow': The target origin provided ('https://map.naver.com') does not match the recipient window's origin ('https://pcmap.place.naver.com'). @ https://g-place.pstatic.net/assets/pcmap/place.6469.bundle.cf4dd0a842529adbbbba.1778477957470.js:319
[  523804ms] [WARNING] Failed to execute 'postMessage' on 'DOMWindow': The target origin provided ('https://map.naver.com') does not match the recipient window's origin ('https://pcmap.place.naver.com'). @ https://g-place.pstatic.net/assets/pcmap/place.6469.bundle.cf4dd0a842529adbbbba.1778477957470.js:18
[  523924ms] [WARNING] No text tracks found in MediaData @ https://pcmap.place.naver.com/assets/pcmap/place.8138.bundle.cf4dd0a842529adbbbba.1778477957470.js:233
[  524275ms] [WARNING] Failed to execute 'postMessage' on 'DOMWindow': The target origin provided ('https://map.naver.com') does not match the recipient window's origin ('https://pcmap.place.naver.com'). @ https://g-place.pstatic.net/assets/pcmap/js/pcmap.all.cf4dd0a842529adbbbba.js:317
[  526265ms] [ERROR] Failed to load resource: the server responded with a status of 404 () @ https://search.pstatic.net/common/?autoRotate=true&quality=95&type=f48_48&src=https%3A%2F%2Fphinf.pstatic.net%2Fcontacthttps%3A%2F%2Fphinf.pstatic.net%2Fcontact%2Fprofile%2Fblog%2F33%2F68%2Fzzam1124.jpg:0
[  533244ms] [WARNING] Failed to execute 'postMessage' on 'DOMWindow': The target origin provided ('https://map.naver.com') does not match the recipient window's origin ('https://pcmap.place.naver.com'). @ https://pcmap.place.naver.com/restaurant/1446879076/review/visitor?from=map&locale=ko&reviewSort=recent:60
[  533369ms] [WARNING] Failed to execute 'postMessage' on 'DOMWindow': The target origin provided ('https://map.naver.com') does not match the recipient window's origin ('https://pcmap.place.naver.com'). @ https://g-place.pstatic.net/assets/pcmap/place.6469.bundle.cf4dd0a842529adbbbba.1778477957470.js:319
[  533369ms] [WARNING] Failed to execute 'postMessage' on 'DOMWindow': The target origin provided ('https://map.naver.com') does not match the recipient window's origin ('https://pcmap.place.naver.com'). @ https://g-place.pstatic.net/assets/pcmap/place.6469.bundle.cf4dd0a842529adbbbba.1778477957470.js:18
[  533850ms] [WARNING] Failed to execute 'postMessage' on 'DOMWindow': The target origin provided ('https://map.naver.com') does not match the recipient window's origin ('https://pcmap.place.naver.com'). @ https://g-place.pstatic.net/assets/pcmap/js/pcmap.all.cf4dd0a842529adbbbba.js:317
[  543503ms] [WARNING] Failed to execute 'postMessage' on 'DOMWindow': The target origin provided ('https://map.naver.com') does not match the recipient window's origin ('https://pcmap.place.naver.com'). @ https://pcmap.place.naver.com/restaurant/1008611365/review/visitor?from=map&locale=ko&reviewSort=recent:50
[  543630ms] [WARNING] Failed to execute 'postMessage' on 'DOMWindow': The target origin provided ('https://map.naver.com') does not match the recipient window's origin ('https://pcmap.place.naver.com'). @ https://g-place.pstatic.net/assets/pcmap/place.6469.bundle.cf4dd0a842529adbbbba.1778477957470.js:319
[  543630ms] [WARNING] Failed to execute 'postMessage' on 'DOMWindow': The target origin provided ('https://map.naver.com') does not match the recipient window's origin ('https://pcmap.place.naver.com'). @ https://g-place.pstatic.net/assets/pcmap/place.6469.bundle.cf4dd0a842529adbbbba.1778477957470.js:18
[  543775ms] [WARNING] No text tracks found in MediaData @ https://pcmap.place.naver.com/assets/pcmap/place.8138.bundle.cf4dd0a842529adbbbba.1778477957470.js:233
[  544131ms] [WARNING] Failed to execute 'postMessage' on 'DOMWindow': The target origin provided ('https://map.naver.com') does not match the recipient window's origin ('https://pcmap.place.naver.com'). @ https://g-place.pstatic.net/assets/pcmap/js/pcmap.all.cf4dd0a842529adbbbba.js:317
